==============================================================================
Suites                                                                        
==============================================================================
Suites.Suite1 App                                                             
==============================================================================
Appium Test on BrowserStack                                           | PASS |
------------------------------------------------------------------------------
Suites.Suite1 App                                                     | PASS |
1 critical test, 1 passed, 0 failed
1 test total, 1 passed, 0 failed
==============================================================================
Suites                                                                | PASS |
1 critical test, 1 passed, 0 failed
1 test total, 1 passed, 0 failed
==============================================================================
Output:  /Users/nithyamani/eclipse-workspace/bs-robot-framework/app/test/parallel/pabot_results/Suites.Suite1 App/output.xml
